== probe started 2026-09-23T10:55:56Z
 PostgreSQL 16.13 (Ubuntu 16.13-0ubuntu0.24.04.1) on x86_64-pc-linux-gnu, compiled by gcc (Ubuntu 13.3.0-6ubuntu2~24.04.1) 13.3.0, 64-bit
   private.wallet_for_update                      sha256 107e855012bc50c6  20260809052049_escrow_money_moves_under_a_lock.sql
   private.wallet_spendable_locked                sha256 71cfe97d15e6858b  20260809052049_escrow_money_moves_under_a_lock.sql
   private.wallets_overdrawn                      sha256 e3d104e6496b8b12  20260730011651_wallet_atomic_transfer_and_reconciliation.sql
   public.wallets_overdrawn                       sha256 a1418eac47889785  20260809080815_the_locking_money_paths_get_a_public_door.sql
   private.notify                                 sha256 e1d491bb758d1ef7  20260804134543_notification_preferences_are_honoured.sql
   private.compute_fee                            sha256 dfd65642bd093a1d  20260809051502_what_the_platform_charges_and_it_is_nothing.sql
   public.fee_rate_at                             sha256 e587e740b48e45ca  20260809055416_the_advisor_findings_from_this_wave_that_are_real.sql
   private.escrow_transition_is_legal             sha256 47f951527524c7bb  20260922221000_escrow_the_seven_remaining_fixes_before_any_product.sql
   private.escrow_purpose_is_open                 sha256 39ac256aac91e2cf  20260922221000_escrow_the_seven_remaining_fixes_before_any_product.sql
   private.escrow_commission_is_permitted         sha256 599e590435008650  20260922221000_escrow_the_seven_remaining_fixes_before_any_product.sql
   private.escrow_guard_transition                sha256 a3eee3c97f5fae47  20260923012500_a_cancelled_agreement_still_owes_the_record_a_sentence.sql
   private.escrow_audit_insert                    sha256 61f48d0e90cc0abc  20260923093233_a_proposal_is_made_in_the_thread_and_an_escrow_remembers_who_opened_it.sql
   private.escrow_settle                          sha256 79b03e04d47e6308  20260922221000_escrow_the_seven_remaining_fixes_before_any_product.sql
   private.escrow_sweep_timeouts                  sha256 c3db8d846282dfd3  20260809052049_escrow_money_moves_under_a_lock.sql
   public.escrow_open                             sha256 8ed2ffe75aa31ee7  20260923093233_a_proposal_is_made_in_the_thread_and_an_escrow_remembers_who_opened_it.sql
   public.escrow_hold                             sha256 590dc8f416b1fa3e  20260922221000_escrow_the_seven_remaining_fixes_before_any_product.sql
   public.escrow_release                          sha256 00c7cc6b914d37ae  20260809053537_the_three_escrow_legs_the_wallet_layer_already_calls.sql
   public.escrow_refund                           sha256 301afc4305e676d3  20260809053537_the_three_escrow_legs_the_wallet_layer_already_calls.sql
   public.escrow_cancel_as                        sha256 6050c71a9c328bd5  20260923012500_a_cancelled_agreement_still_owes_the_record_a_sentence.sql
   public.escrow_fund_from_wallet_as              sha256 f1c59e7b92bff6e7  20260923093233_a_proposal_is_made_in_the_thread_and_an_escrow_remembers_who_opened_it.sql
   public.escrow_propose_as                       sha256 bb557ff649827068  20260923093320_a_proposal_against_an_example_property_answers_in_a_sentence.sql
   public.escrow_fund_proposal_as                 sha256 3ec738905c17a760  20260923093233_a_proposal_is_made_in_the_thread_and_an_escrow_remembers_who_opened_it.sql
   public.refuse_transaction_on_demo_listing      sha256 ba48b0c290a7eef3  20260918081149_m03_accommodations_photos_amenities_bucket.sql
   public.escrow_confirm_as                       sha256 bff8a89c1e5f7161  20260922120000_the_escrow_doors_are_locked_and_trust_stops_answering_strangers.sql
   public.escrow_request_release_as               sha256 d260db745a9ebc8c  20260922120000_the_escrow_doors_are_locked_and_trust_stops_answering_strangers.sql
   public.escrow_raise_dispute_as                 sha256 c9c7c2e91cd54bac  20260922120000_the_escrow_doors_are_locked_and_trust_stops_answering_strangers.sql
   public.hold_wallet_withdrawal                  sha256 3afa76b0dacbb2e9  20260809080815_the_locking_money_paths_get_a_public_door.sql
   private.pay_booking_from_wallet                sha256 25be8468f4dccfb2  20260730122108_wallet_pay_confirmed_unpaid_booking.sql
   private.transfer_between_wallets               sha256 7406ccbc1e84982c  20260730011651_wallet_atomic_transfer_and_reconciliation.sql
   public.move_into_pot                           sha256 38d040ad2b07a6b1  20260812090100_pots_move_money_under_the_wallet_lock.sql
   private.escrow_float_components                sha256 c7e1dde5019f445a  20260923010000_the_escrow_float_is_booked_as_a_liability.sql
   private.escrow_invariants_check                sha256 d41acf34a96bad55  20260923011000_the_float_identity_is_asserted_on_a_schedule.sql
== 32 function bodies lifted
== two F-9 rewrite blocks lifted
== 4 brand rewrite edit(s) lifted for functions this harness holds
   escrows.conversation_id uuid  (lifted from a migration)
   escrows.opened_by uuid  (lifted from a migration)
== 2 column addition(s) to public.escrows lifted from the migrations
psql:/tmp/tmp.hyRGNFpDr5/brand.sql:57: NOTICE:  BRAND: private.pay_booking_from_wallet(uuid, uuid, text) rewritten
psql:/tmp/tmp.hyRGNFpDr5/brand.sql:57: NOTICE:  BRAND: private.escrow_settle(uuid, text, escrow_state, uuid, text) already carries the later wording, skipped
psql:/tmp/tmp.hyRGNFpDr5/brand.sql:57: NOTICE:  BRAND: private.escrow_settle(uuid, text, escrow_state, uuid, text) already carries the later wording, skipped
psql:/tmp/tmp.hyRGNFpDr5/brand.sql:57: NOTICE:  BRAND: public.escrow_hold(uuid, uuid, bigint, text, text) is not in this scratch schema, skipped
psql:/tmp/tmp.hyRGNFpDr5/f9.sql:89: NOTICE:  F-9: private.pay_booking_from_wallet(uuid, uuid, text) now calls private.wallet_spendable_locked
psql:/tmp/tmp.hyRGNFpDr5/f9.sql:89: NOTICE:  F-9: public.hold_wallet_withdrawal(uuid, bigint, text, jsonb) now calls private.wallet_spendable_locked
== F-9 confirmed in the scratch database: hold_wallet_withdrawal calls the shared spendable

== CATALOGUE GUARD: what was lifted, against what the live project holds
   manifest: project=uccixoonmbhrnyczyigt taken_at=2026-09-23T10:52:00Z live_migration_head=20260923104415 functions=32
   drop statements seen for a probed function: 2
   no migration defining a probed function is newer than the live head
   WARNING, AND IT IS NOT A PASS AND NOT A FAILURE. 4 function(s) run the same code
   live as this run lifted, but the live copy is not the same TEXT. In every case so
   far the live copy is the migration's code with its comments stripped out, by
   something nobody has identified. Ledger section 63 carries it as unexplained.
     ~ private.compute_fee(p_kind fee_kind, p_amount_minor bigint, p_at timestamp with time zone): live a05752227b15c022, lifted 13922c1d9db20e00
     ~ private.escrow_invariants_check(): live fa42d93778c5b429, lifted f03d2e7e2b095157
     ~ private.notify(target_user uuid, n_kind notification_kind, n_title text, n_body text, n_href text): live ba9f5ed76e664d1b, lifted cba302d43d67f917
     ~ public.move_into_pot(owner_user uuid, pot uuid, amount bigint, move_reference text): live 277aa5c5b11ba322, lifted 7e5e99901a26b65f
   32 functions compared. Every SIGNATURE, every SECURITY DEFINER flag and every body's
   CODE agrees with the live catalogue as recorded at 2026-09-23T10:52:00Z.

== SMOKE: one uncontested proposal and one uncontested funding call, before any probe runs
   proposal=[b4b0ed27-5e3e-4886-8115-5e91ed52b602] initiated=1 holds_before_funding=0
   answer=[ok] held=1 holds=1
== SMOKE: PASS. The harness can propose and then fund an agreement through the door the
   product funds through, so a refusal below is a refusal.

== P-1: two concurrent fundings of two proposals, one affordable balance of 100,000 kobo
   proposals_open=2 kobo_moved_by_proposing=0
-- A:
     A ok
     
-- B:
     B insufficient
   held=1 still_initiated=1 holds=1 payer_spendable=0 overdrawn=0
== P-1: PASS. Two proposals opened with nothing moved. A held the balance, B blocked on A's wallet row lock, re-read spendable after A committed and was refused. One escrow HELD, one left INITIATED, one hold, balance zero, never negative.

== P-2 (escrow_first): an escrow and a withdrawal for the same 100,000 kobo
-- A:
     ESCROW ok
     
-- B:
     WITHDRAWAL insufficient
     
   ok_answers=1 committing_entries=1 payer_spendable=0
   expected [ESCROW ok] first and [WITHDRAWAL insufficient] second: yes
   BOTH-ANSWERED: yes. ESCROW and WITHDRAWAL both spoke.
== P-2 (escrow_first): PASS. ESCROW ok, then WITHDRAWAL insufficient. Exactly one committed the balance and nothing else was moved.

== P-2 (withdrawal_first): an escrow and a withdrawal for the same 100,000 kobo
-- A:
     WITHDRAWAL ok
     
-- B:
     ESCROW insufficient
     
   ok_answers=1 committing_entries=1 payer_spendable=0
   expected [WITHDRAWAL ok] first and [ESCROW insufficient] second: yes
   BOTH-ANSWERED: yes. ESCROW and WITHDRAWAL both spoke.
== P-2 (withdrawal_first): PASS. WITHDRAWAL ok, then ESCROW insufficient. Exactly one committed the balance and nothing else was moved.

== P-3a (escrow_first): an escrow and a pot move for the same 100,000 kobo
-- A:
     ESCROW ok
     
-- B:
     POT insufficient
     
   ok_answers=1 committing_entries=1 payer_spendable=0
   expected [ESCROW ok] first and [POT insufficient] second: yes
   BOTH-ANSWERED: yes. ESCROW and POT both spoke.
== P-3a (escrow_first): PASS. ESCROW ok, then POT insufficient. Exactly one of the escrow and the pot took the balance.

== P-3a (pot_first): an escrow and a pot move for the same 100,000 kobo
-- A:
     POT ok
     
-- B:
     ESCROW insufficient
     
   ok_answers=1 committing_entries=1 payer_spendable=0
   expected [POT ok] first and [ESCROW insufficient] second: yes
   BOTH-ANSWERED: yes. ESCROW and POT both spoke.
== P-3a (pot_first): PASS. POT ok, then ESCROW insufficient. Exactly one of the escrow and the pot took the balance.

== P-3b (escrow_first): an escrow and a transfer to another person for the same 100,000 kobo
-- A:
     ESCROW ok
     
-- B:
     TRANSFER insufficient
     
   committing_entries=1 payer_spendable=0
   expected [ESCROW ok] first and [TRANSFER insufficient] second: yes
   BOTH-ANSWERED: yes. ESCROW and TRANSFER both spoke.
== P-3b (escrow_first): PASS. ESCROW ok, then TRANSFER insufficient. Exactly one of the escrow and the transfer took the balance.

== P-3b (transfer_first): an escrow and a transfer to another person for the same 100,000 kobo
-- A:
     TRANSFER ok
     
-- B:
     ESCROW insufficient
     
   committing_entries=1 payer_spendable=0
   expected [TRANSFER ok] first and [ESCROW insufficient] second: yes
   BOTH-ANSWERED: yes. ESCROW and TRANSFER both spoke.
== P-3b (transfer_first): PASS. TRANSFER ok, then ESCROW insufficient. Exactly one of the escrow and the transfer took the balance.

== P-4: two sessions release the same HELD agreement at the same instant
   funded through the proposal door: ok
-- A:
     A ok
     
-- B:
     B already_settled
   release_credits=1 payee_balance=100000 release_audit_rows=1 state=RELEASED
== P-4: PASS. One ok and one already_settled. Exactly one credit, exactly one state change, exactly one audit row, and the payee was paid once.

== P-5 (sweeper first): the sweeper's pass and a dispute on the same agreement, at the same instant
   funded through the proposal door: ok
-- A:
     SWEEP moved=1
     
-- B:
     DISPUTE not_disputable
   final_state=RELEASED settlement_entries=1
== P-5 (sweeper first): PASS. The agreement ended in exactly one coherent state (RELEASED) with 1 settlement entries. Never both a release and a dispute.

== P-5 (dispute first): the sweeper's pass and a dispute on the same agreement, at the same instant
   funded through the proposal door: ok
-- A:
     DISPUTE ok
-- B:
     SWEEP moved=0
     
   final_state=DISPUTED settlement_entries=0
== P-5 (dispute first): PASS. The agreement ended in exactly one coherent state (DISPUTED) with 0 settlement entries. Never both a release and a dispute.

== P-6: the same proposal funded twice, serially
   derived reference=rm-esc-8638d21f-5ee2-48b8-a829-4ebb3e7dd9b7-hold
   first=ok second=not_fundable entries=1 payer_spendable=200000
== P-6: and the same proposal funded from two sessions at once
-- A:
     A ok
     
-- B:
     B not_fundable
   entries=1 payer_spendable=200000
   BOTH-ANSWERED: yes. A  and B  both spoke.
== P-6: the unique index backstop, which the ordinary path no longer reaches
   answer=duplicate entries=1 state=INITIATED
== P-6: PASS. Serially and concurrently, funding one proposal twice produced exactly one ledger entry and one debit, and the repeat answered not_fundable rather than raising. The unique index backstop, reached on purpose, answered duplicate and left the agreement INITIATED.

== P-8: a direct update from REFUNDED to RELEASED, as the owning role
   funded through the proposal door: ok
   before=REFUNDED after=REFUNDED
   answer: ERROR:  escrow eb5d76f6-188b-487e-852f-b6199bc2b808 cannot go from REFUNDED to RELEASED
CONTEXT:  PL/pgSQL function private.escrow_guard_transition() line 26 at RAISE
== P-8a (REFUNDED to RELEASED): PASS. The trigger refused the update from a plain prompt and the row did not move. The guard is reachable from psql, not only from the functions.

== P-8b: every ordered pair of states, from a plain prompt
scripts/probes/escrow_concurrency.sh: line 1219: except: command not found
scripts/probes/escrow_concurrency.sh: line 1219: union: command not found
   P8-TABLE disagreements=0
   P8-COUNTS pairs=72 legal=14 illegal=58 legal_allowed=14 illegal_refused=58 wrong=0
== P-8b (the whole table): PASS. All 72 ordered pairs walked from a plain prompt, against the probe's own hand-written copy of the fourteen legal pairs. Every one of the 58 illegal pairs raised with the trigger's own sentence and left the row where it was, and all 14 legal pairs were allowed through in the same run, so the refusals are a table and not a closed door.

== P-9: the float identity across a mix of held, released, refunded, disputed and cancelled
   funded through the proposal door: 6 of 6
   cancel with no reason at all -> ok
   ledger_float=1800000 escrow_float=1800000 difference=0 commission_booked=5000
   gross_mismatches=0 overdrawn=0 invariants_ok=true
   breaches=[]
== P-9: PASS. Across a lifecycle mix with a live five per cent commission the two derivations of the float agreed to the kobo, no wallet went negative, and every settlement's net plus commission equalled its gross.

== P-7: the revoke. Not runnable against a local cluster: it needs a real
   PostgREST and a real anon key. See scripts/probes/escrow_revoke.sh.

== scratch database dropped

== SUMMARY
   P-1                PASS Two proposals opened with nothing moved. A held the balance, B blocked on A's wallet row lock, re-read spendable after A committed and was refused. One escrow HELD, one left INITIATED, one hold, balance zero, never negative.
   P-2 (escrow_first) PASS ESCROW ok, then WITHDRAWAL insufficient. Exactly one committed the balance and nothing else was moved.
   P-2 (withdrawal_first) PASS WITHDRAWAL ok, then ESCROW insufficient. Exactly one committed the balance and nothing else was moved.
   P-3a (escrow_first) PASS ESCROW ok, then POT insufficient. Exactly one of the escrow and the pot took the balance.
   P-3a (pot_first)   PASS POT ok, then ESCROW insufficient. Exactly one of the escrow and the pot took the balance.
   P-3b (escrow_first) PASS ESCROW ok, then TRANSFER insufficient. Exactly one of the escrow and the transfer took the balance.
   P-3b (transfer_first) PASS TRANSFER ok, then ESCROW insufficient. Exactly one of the escrow and the transfer took the balance.
   P-4                PASS One ok and one already_settled. Exactly one credit, exactly one state change, exactly one audit row, and the payee was paid once.
   P-5 (sweeper first) PASS The agreement ended in exactly one coherent state (RELEASED) with 1 settlement entries. Never both a release and a dispute.
   P-5 (dispute first) PASS The agreement ended in exactly one coherent state (DISPUTED) with 0 settlement entries. Never both a release and a dispute.
   P-6                PASS Serially and concurrently, funding one proposal twice produced exactly one ledger entry and one debit, and the repeat answered not_fundable rather than raising. The unique index backstop, reached on purpose, answered duplicate and left the agreement INITIATED.
   P-8a (REFUNDED to RELEASED) PASS The trigger refused the update from a plain prompt and the row did not move. The guard is reachable from psql, not only from the functions.
   P-8b (the whole table) PASS All 72 ordered pairs walked from a plain prompt, against the probe's own hand-written copy of the fourteen legal pairs. Every one of the 58 illegal pairs raised with the trigger's own sentence and left the row where it was, and all 14 legal pairs were allowed through in the same run, so the refusals are a table and not a closed door.
   P-9                PASS Across a lifecycle mix with a live five per cent commission the two derivations of the float agreed to the kobo, no wallet went negative, and every settlement's net plus commission equalled its gross.

== RESULT: PASS. 14 of 14 local probes passed. P-7 is proved separately and is not counted here.
