== P-7, the revoke, over HTTP, 2026-09-23T15:17:24Z
== https://uccixoonmbhrnyczyigt.supabase.co, anon key, no session

-- PREFLIGHT: https://uccixoonmbhrnyczyigt.supabase.co answered HTTP 401. Running the probe.

-- escrow_fund_from_wallet
   HTTP 401
   {"code":"42501","details":null,"hint":null,"message":"permission denied for function escrow_fund_from_wallet"}
   PASS: refused before the body ran.
-- escrow_confirm
   HTTP 401
   {"code":"42501","details":null,"hint":null,"message":"permission denied for function escrow_confirm"}
   PASS: refused before the body ran.
-- escrow_request_release
   HTTP 401
   {"code":"42501","details":null,"hint":null,"message":"permission denied for function escrow_request_release"}
   PASS: refused before the body ran.
-- escrow_raise_dispute
   HTTP 401
   {"code":"42501","details":null,"hint":null,"message":"permission denied for function escrow_raise_dispute"}
   PASS: refused before the body ran.
-- escrow_hold
   HTTP 401
   {"code":"42501","details":null,"hint":null,"message":"permission denied for function escrow_hold"}
   PASS: refused before the body ran.
-- escrow_cancel_as
   HTTP 401
   {"code":"42501","details":null,"hint":null,"message":"permission denied for function escrow_cancel_as"}
   PASS: refused before the body ran.
-- escrow_fund_from_wallet_as
   HTTP 401
   {"code":"42501","details":null,"hint":null,"message":"permission denied for function escrow_fund_from_wallet_as"}
   PASS: refused before the body ran.

== A CONTROL, because a probe where every door is shut cannot tell a shut
== door from a broken URL. This endpoint must ANSWER.
-- GET /rest/v1/listings -> HTTP 200
   PASS: the API is reachable and answering, so the refusals above are refusals.

== RESULT: PASS. 8 of 8. No escrow verb is reachable by a stranger, and the API was proved awake.
